[webredox.net/demo/wp/gmag/index.html]
[backblue.gif]
[fade.gif]
[index.html]
[webredox.net/demo/wp/gmag/wp-content/cache/minify/d366f.css]
[webredox.net/demo/wp/gmag/comments/feed/index.html]
[webredox.net/demo/wp/gmag/feed/index.html]
[webredox.net/demo/wp/gmag/wp-content/cache/minify/9ba46.css]
[webredox.net/demo/wp/gmag/wp-content/cache/minify/15a3a.css]
[webredox.net/demo/wp/gmag/wp-content/cache/minify/79cf1.css]
[webredox.net/demo/wp/gmag/wp-content/cache/minify/48361.js]
[webredox.net/demo/wp/gmag/wp-content/cache/minify/f96c4.js]
[webredox.net/demo/wp/gmag/wp-content/cache/minify/5ad0b.js]
[webredox.net/demo/wp/gmag/wp-json/wp/v2/pages/13.json]
[webredox.net/demo/wp/gmag/wp-json/index.html]
[webredox.net/demo/wp/gmag/xmlrpc0db0.php]
[webredox.net/demo/wp/gmag/wp-json/oembed/1.0/embedcea7.json]
[webredox.net/demo/wp/gmag/wp-json/oembed/1.0/embed19aa]
[webredox.net/demo/wp/gmag/wp-content/themes/gmag/includes/images/logo.png]
[webredox.net/demo/wp/gmag/heres-the-proof-that-momentum-strategies-work/index.html]
[webredox.net/demo/wp/gmag/first-prototype-flight-using-kinetic-launch-system/index.html]
[webredox.net/demo/wp/gmag/innovations-that-bring-pleasure-to-all-peoples/index.html]
[webredox.net/demo/wp/gmag/how-maps-reshape-american-politics-in-world/index.html]
[webredox.net/demo/wp/gmag/blog/index.html]
[webredox.net/demo/wp/gmag/carousel/index.html]
[webredox.net/demo/wp/gmag/grid/index.html]
[webredox.net/demo/wp/gmag/wp-content/uploads/2022/06/4.jpg]
[webredox.net/demo/wp/gmag/blog-list-style/index.html]
[webredox.net/demo/wp/gmag/blog-list-style-2/index.html]
[webredox.net/demo/wp/gmag/wp-content/uploads/2022/06/3.jpg]
[webredox.net/demo/wp/gmag/blog-grid-style/index.html]
[webredox.net/demo/wp/gmag/blog-fullwidth/index.html]
[webredox.net/demo/wp/gmag/wp-content/uploads/2022/06/banner.jpg]
[webredox.net/demo/wp/gmag/london-stay-most-popular-city/index.html]
[webredox.net/demo/wp/gmag/business/index.html]
[webredox.net/demo/wp/gmag/technology/index.html]
[webredox.net/demo/wp/gmag/shop/index.html]
[webredox.net/demo/wp/gmag/wp-content/uploads/2022/06/55-758x520.jpg]
[webredox.net/demo/wp/gmag/wp-content/uploads/2022/06/20-758x520.jpg]
[webredox.net/demo/wp/gmag/wp-content/uploads/2022/06/46-758x520.jpg]
[webredox.net/demo/wp/gmag/wp-content/uploads/2022/06/57-758x520.jpg]
[webredox.net/demo/wp/gmag/contacts/index.html]
[webredox.net/demo/wp/gmag/product/awesome-merch-wallet/index.html]
[webredox.net/demo/wp/gmag/about/index.html]
[webredox.net/demo/wp/gmag/wp-content/uploads/2022/06/56-758x520.jpg]
[webredox.net/demo/wp/gmag/category/technology/index.html]
[webredox.net/demo/wp/gmag/author/admin/index.html]
[webredox.net/demo/wp/gmag/category/politics/index.html]
[webredox.net/demo/wp/gmag/author/webredox/index.html]
[webredox.net/demo/wp/gmag/additional-jobs-and-economic-growth-after-the-pandemic/index.html]
[webredox.net/demo/wp/gmag/category/business/index.html]
[webredox.net/demo/wp/gmag/wp-content/uploads/2022/06/33.jpg]
[webredox.net/demo/wp/gmag/what-the-federal-infrastructure-package-means-for-minnesota/index.html]
[webredox.net/demo/wp/gmag/perfect-james-webb-telescope-on-track-for-launch/index.html]
[webredox.net/demo/wp/gmag/videos-show-spacexs-dragon-capsule-as-it-returns-to-earth/index.html]
[webredox.net/demo/wp/gmag/wp-content/uploads/2022/06/43.jpg]
[webredox.net/demo/wp/gmag/wp-content/uploads/2022/06/3-2.jpg]
[webredox.net/demo/wp/gmag/cape-towns-day-zero-we-are-axing-trees-to-save-water/index.html]
[webredox.net/demo/wp/gmag/oculus-in-trending-now/index.html]
[webredox.net/demo/wp/gmag/perfect-james-webb-telescope-on-track-for-launch-copy/index.html]
[webredox.net/demo/wp/gmag/wp-content/uploads/2022/06/42.jpg]
[webredox.net/demo/wp/gmag/wp-content/uploads/2022/06/1-1.jpg]
[webredox.net/demo/wp/gmag/london-stay-most-popular-city-2/index.html]
[webredox.net/demo/wp/gmag/scientific-research-goes-to-the-next-level/index.html]
[webredox.net/demo/wp/gmag/options-options-as-clock-ticks-on-climate-talks/index.html]
[webredox.net/demo/wp/gmag/wp-content/uploads/2022/06/44.jpg]
[webredox.net/demo/wp/gmag/sports-tag-club-competition-returns/index.html]
[webredox.net/demo/wp/gmag/wp-content/uploads/2022/06/2.jpg]
[webredox.net/demo/wp/gmag/category/sports/index.html]
[webredox.net/demo/wp/gmag/warriors-face-season-defining-clash/index.html]
[webredox.net/demo/wp/gmag/female-hawks-win-10000-funding-boost/index.html]
[webredox.net/demo/wp/gmag/wp-content/uploads/2022/06/46.jpg]
[webredox.net/demo/wp/gmag/goodwin-must-break-clarkson-hold/index.html]
[webredox.net/demo/wp/gmag/wp-content/uploads/2022/06/logo2.png]
[webredox.net/demo/wp/gmag/category/science/index.html]
[webredox.net/demo/wp/gmag/sports-season-ends-with-more-surprises/index.html]
[webredox.net/demo/wp/gmag/wp-content/themes/gmag/includes/images/logo2.png]
[webredox.net/demo/wp/gmag/how-to-start-home-renovation/index.html]
[webredox.net/demo/wp/gmag/high-wind-delays-spacex-crew-homecoming-after-6-months-aloft/index.html]
[webredox.net/demo/wp/gmag/wp-content/cache/minify/3489d.js]
[webredox.net/demo/wp/gmag/climate-change-and-your-future-health/index.html]
[webredox.net/demo/wp/gmag/tag/business/index.html]
[webredox.net/demo/wp/gmag/tag/lifestyle/index.html]
[webredox.net/demo/wp/gmag/wp-content/cache/minify/79cf4.js]
[webredox.net/demo/wp/gmag/tag/food/index.html]
[webredox.net/demo/wp/gmag/wp-content/cache/minify/3032b.js]
[webredox.net/demo/wp/gmag/tag/science/index.html]
[webredox.net/demo/wp/gmag/tag/sports/index.html]
[webredox.net/demo/wp/gmag/wp-content/cache/minify/b6cc6.js]
[webredox.net/demo/wp/gmag/tag/technology/index.html]
[webredox.net/demo/wp/gmag/wp-content/cache/minify/20f99.js]
[webredox.net/demo/wp/gmag/new-vr-glasses-and-headset-system-release/index.html]
[webredox.net/demo/wp/gmag/envatocoin-vulnerable-to-retest-20k-support/index.html]
[webredox.net/demo/wp/gmag/wp-content/cache/minify/56778.js]
[webredox.net/demo/wp/gmag/shop/refund_returns/index.html]
[webredox.net/demo/wp/gmag/videos-show-spacexs-dragon-capsule-as-it-returns-to-earth-2/index.html]
[webredox.net/demo/wp/gmag/world-electric-ready-to-race-tomorrow/index.html]
[webredox.net/demo/wp/gmag/wp-content/cache/minify/58a4d.js]
[webredox.net/demo/wp/gmag/index.html]
[webredox.net/demo/wp/gmag/wp-content/plugins/woocommerce/assets/fonts/star.eot]
[webredox.net/demo/wp/gmag/shop/privacy-policy/index.html]
[webredox.net/demo/wp/gmag/wp-content/plugins/woocommerce/assets/fonts/stard41d.eot]
[webredox.net/demo/wp/gmag/shop/my-account/lost-password/index.html]
[webredox.net/demo/wp/gmag/wp-content/plugins/woocommerce/assets/fonts/star.woff]
[webredox.net/demo/wp/gmag/wp-content/plugins/woocommerce/assets/fonts/star.ttf]
[webredox.net/demo/wp/gmag/wp-content/plugins/woocommerce/assets/fonts/star.svg]
[webredox.net/demo/wp/gmag/wp-content/plugins/woocommerce/assets/fonts/WooCommerce.eot]
[webredox.net/demo/wp/gmag/wp-content/plugins/woocommerce/assets/fonts/WooCommerced41d.eot]
[webredox.net/demo/wp/gmag/wp-content/plugins/woocommerce/assets/fonts/WooCommerce.woff]
[webredox.net/demo/wp/gmag/wp-content/plugins/woocommerce/assets/fonts/WooCommerce.ttf]
[webredox.net/demo/wp/gmag/wp-content/plugins/woocommerce/assets/fonts/WooCommerce.svg]
[webredox.net/demo/wp/gmag/wp-content/plugins/woocommerce/assets/images/icons/loader.svg]
[webredox.net/demo/wp/gmag/wp-content/plugins/woocommerce/assets/images/icons/credit-cards/visa.svg]
[webredox.net/demo/wp/gmag/wp-content/plugins/woocommerce/assets/images/icons/credit-cards/mastercard.svg]
[webredox.net/demo/wp/gmag/wp-content/plugins/woocommerce/assets/images/icons/credit-cards/laser.svg]
[webredox.net/demo/wp/gmag/wp-content/plugins/woocommerce/assets/images/icons/credit-cards/diners.svg]
[webredox.net/demo/wp/gmag/wp-content/plugins/woocommerce/assets/images/icons/credit-cards/maestro.svg]
[webredox.net/demo/wp/gmag/wp-content/plugins/woocommerce/assets/images/icons/credit-cards/jcb.svg]
[webredox.net/demo/wp/gmag/wp-content/plugins/woocommerce/assets/images/icons/credit-cards/amex.svg]
[webredox.net/demo/wp/gmag/wp-content/plugins/woocommerce/assets/images/icons/credit-cards/discover.svg]
[webredox.net/demo/wp/gmag/wp-content/cache/minify/d366f.css]
[webredox.net/demo/wp/gmag/wp-content/themes/gmag/includes/fonts/fa-brands-400.eot]
[webredox.net/demo/wp/gmag/wp-content/themes/gmag/includes/fonts/fa-brands-400d41d.eot]
[webredox.net/demo/wp/gmag/wp-content/themes/gmag/includes/fonts/fa-brands-400.woff2]
[webredox.net/demo/wp/gmag/wp-content/themes/gmag/includes/fonts/fa-brands-400.woff]
[webredox.net/demo/wp/gmag/wp-content/themes/gmag/includes/fonts/fa-brands-400.ttf]
[webredox.net/demo/wp/gmag/wp-content/themes/gmag/includes/fonts/fa-brands-400.svg]
[webredox.net/demo/wp/gmag/wp-content/themes/gmag/includes/fonts/fa-light-300.eot]
[webredox.net/demo/wp/gmag/wp-content/themes/gmag/includes/fonts/fa-light-300.woff2]
[webredox.net/demo/wp/gmag/wp-content/themes/gmag/includes/fonts/fa-light-300d41d.eot]
[webredox.net/demo/wp/gmag/wp-content/themes/gmag/includes/fonts/fa-light-300.woff]
[webredox.net/demo/wp/gmag/wp-content/themes/gmag/includes/fonts/fa-light-300.ttf]
[webredox.net/demo/wp/gmag/wp-content/themes/gmag/includes/fonts/fa-regular-400.eot]
[webredox.net/demo/wp/gmag/wp-content/themes/gmag/includes/fonts/fa-light-300.svg]
[webredox.net/demo/wp/gmag/wp-content/themes/gmag/includes/fonts/fa-regular-400.woff2]
[webredox.net/demo/wp/gmag/wp-content/themes/gmag/includes/fonts/fa-regular-400d41d.eot]
[webredox.net/demo/wp/gmag/wp-content/themes/gmag/includes/fonts/fa-regular-400.woff]
[webredox.net/demo/wp/gmag/wp-content/themes/gmag/includes/fonts/fa-regular-400.ttf]
[webredox.net/demo/wp/gmag/wp-content/themes/gmag/includes/fonts/fa-solid-900.eot]
[webredox.net/demo/wp/gmag/wp-content/themes/gmag/includes/fonts/fa-regular-400.svg]
[webredox.net/demo/wp/gmag/wp-content/themes/gmag/includes/fonts/fa-solid-900d41d.eot]
[webredox.net/demo/wp/gmag/wp-content/themes/gmag/includes/fonts/fa-solid-900.woff2]
[webredox.net/demo/wp/gmag/wp-content/themes/gmag/includes/fonts/fa-solid-900.woff]
[webredox.net/demo/wp/gmag/wp-content/themes/gmag/includes/fonts/fa-solid-900.ttf]
[webredox.net/demo/wp/gmag/wp-content/themes/gmag/includes/fonts/lgd641.eot]
[webredox.net/demo/wp/gmag/wp-content/themes/gmag/includes/fonts/fa-solid-900.svg]
[webredox.net/demo/wp/gmag/wp-content/themes/gmag/includes/fonts/lgd41d.eot]
[webredox.net/demo/wp/gmag/wp-content/themes/gmag/includes/fonts/lgd641.woff]
[webredox.net/demo/wp/gmag/wp-content/themes/gmag/includes/fonts/lgd641.ttf]
[webredox.net/demo/wp/gmag/wp-content/themes/gmag/includes/fonts/lgd641.svg]
[webredox.net/demo/wp/gmag/wp-content/themes/gmag/includes/images/loading2.gif]
[webredox.net/demo/wp/gmag/wp-content/themes/gmag/includes/fonts-free/fa-regular-400.woff2]
[webredox.net/demo/wp/gmag/wp-content/themes/gmag/includes/fonts-free/fa-regular-400.ttf]
[webredox.net/demo/wp/gmag/wp-content/themes/gmag/includes/fonts-free/fa-solid-900.ttf]
[webredox.net/demo/wp/gmag/wp-content/themes/gmag/includes/fonts-free/fa-solid-900.woff2]
[webredox.net/demo/wp/gmag/wp-content/themes/gmag/includes/fonts-free/fa-brands-400.ttf]
[webredox.net/demo/wp/gmag/wp-content/themes/gmag/includes/fonts-free/fa-v4compatibility.woff2]
[webredox.net/demo/wp/gmag/wp-content/themes/gmag/includes/fonts-free/fa-brands-400.woff2]
[webredox.net/demo/wp/gmag/wp-content/themes/gmag/includes/fonts-free/fa-v4compatibility.ttf]
[webredox.net/demo/wp/gmag/wp-content/themes/gmag/includes/images/city-bg.png]
[webredox.net/demo/wp/gmag/wp-content/cache/minify/9ba46.css]
[webredox.net/demo/wp/gmag/wp-content/plugins/elementor/assets/lib/eicons/fonts/eicons8016.eot]
[webredox.net/demo/wp/gmag/wp-content/plugins/elementor/assets/lib/eicons/fonts/eicons8016.woff2]
[webredox.net/demo/wp/gmag/wp-content/plugins/elementor/assets/lib/eicons/fonts/eicons8016.woff]
[webredox.net/demo/wp/gmag/wp-content/plugins/elementor/assets/lib/eicons/fonts/eicons8016.ttf]
[webredox.net/demo/wp/gmag/wp-content/plugins/elementor/assets/lib/eicons/fonts/eicons8016.svg]
[webredox.net/demo/wp/gmag/wp-content/uploads/2022/06/7-1.jpg]
[webredox.net/demo/wp/gmag/wp-content/cache/minify/15a3a.css]
[webredox.net/demo/wp/gmag/wp-content/plugins/elementor/assets/lib/font-awesome/webfonts/fa-brands-400.eot]
[webredox.net/demo/wp/gmag/wp-content/plugins/elementor/assets/lib/font-awesome/webfonts/fa-brands-400d41d.eot]
[webredox.net/demo/wp/gmag/wp-content/plugins/elementor/assets/lib/font-awesome/webfonts/fa-brands-400.woff2]
[webredox.net/demo/wp/gmag/wp-content/plugins/elementor/assets/lib/font-awesome/webfonts/fa-brands-400.woff]
[webredox.net/demo/wp/gmag/wp-content/plugins/elementor/assets/lib/font-awesome/webfonts/fa-brands-400.ttf]
[webredox.net/demo/wp/gmag/wp-content/cache/minify/79cf1.css]
[webredox.net/demo/wp/gmag/wp-content/cache/minify/48361.js]
[webredox.net/demo/wp/gmag/wp-content/cache/minify/f96c4.js]
[webredox.net/demo/wp/gmag/wp-content/cache/minify/5ad0b.js]
[webredox.net/demo/wp/gmag/wp-content/plugins/elementor/assets/lib/font-awesome/webfonts/fa-brands-400.svg]
[webredox.net/demo/wp/gmag/wp-content/cache/minify/54146.css]
[webredox.net/demo/wp/gmag/innovations-that-bring-pleasure-to-all-peoples/feed/index.html]
[webredox.net/demo/wp/gmag/wp-json/wp/v2/posts/16.json]
[webredox.net/demo/wp/gmag/wp-json/oembed/1.0/embed8f68.json]
[webredox.net/demo/wp/gmag/wp-json/oembed/1.0/embed7311]
[webredox.net/demo/wp/gmag/wp-content/uploads/2022/06/20-857x572.jpg]
[webredox.net/demo/wp/gmag/wp-content/uploads/2022/06/13-857x572.jpg]
[webredox.net/demo/wp/gmag/wp-content/uploads/2022/06/15-857x572.jpg]
[webredox.net/demo/wp/gmag/wp-content/uploads/2022/06/21.jpg]
[webredox.net/demo/wp/gmag/wp-content/uploads/2022/06/18.jpg]
[webredox.net/demo/wp/gmag/wp-content/uploads/2022/06/20.jpg]
[webredox.net/demo/wp/gmag/wp-content/uploads/2022/06/2-1.jpg]
[webredox.net/demo/wp/gmag/wp-content/cache/minify/77092.js]
[webredox.net/demo/wp/gmag/wp-content/cache/minify/4473e.js]
[webredox.net/demo/wp/gmag/innovations-that-bring-pleasure-to-all-peoples/index.html]
[webredox.net/demo/wp/gmag/innovations-that-bring-pleasure-to-all-peoples/index0e22.html]
[webredox.net/demo/wp/gmag/innovations-that-bring-pleasure-to-all-peoples/index3094.html]
[webredox.net/demo/wp/gmag/innovations-that-bring-pleasure-to-all-peoples/index21b4.html]
[webredox.net/demo/wp/gmag/wp-json/wp/v2/posts/43.json]
[webredox.net/demo/wp/gmag/heres-the-proof-that-momentum-strategies-work/feed/index.html]
[webredox.net/demo/wp/gmag/wp-json/oembed/1.0/embedb4a0.json]
[webredox.net/demo/wp/gmag/wp-json/oembed/1.0/embedd63a]
[webredox.net/demo/wp/gmag/wp-content/uploads/2022/06/55-857x572.jpg]
[webredox.net/demo/wp/gmag/heres-the-proof-that-momentum-strategies-work/index.html]
[webredox.net/demo/wp/gmag/wp-json/wp/v2/posts/61.json]
[webredox.net/demo/wp/gmag/heres-the-proof-that-momentum-strategies-work/index8e42.html]
[webredox.net/demo/wp/gmag/heres-the-proof-that-momentum-strategies-work/index267f.html]
[webredox.net/demo/wp/gmag/heres-the-proof-that-momentum-strategies-work/index41b7.html]
[webredox.net/demo/wp/gmag/how-maps-reshape-american-politics-in-world/feed/index.html]
[webredox.net/demo/wp/gmag/wp-json/oembed/1.0/embed5779.json]
[webredox.net/demo/wp/gmag/wp-json/oembed/1.0/embed485f]
[webredox.net/demo/wp/gmag/how-maps-reshape-american-politics-in-world/index.html]
[webredox.net/demo/wp/gmag/wp-json/wp/v2/posts/64.json]
[webredox.net/demo/wp/gmag/how-maps-reshape-american-politics-in-world/index6944.html]
[webredox.net/demo/wp/gmag/how-maps-reshape-american-politics-in-world/index94a5.html]
[webredox.net/demo/wp/gmag/how-maps-reshape-american-politics-in-world/indexfc06.html]
[webredox.net/demo/wp/gmag/first-prototype-flight-using-kinetic-launch-system/feed/index.html]
[webredox.net/demo/wp/gmag/wp-json/oembed/1.0/embed37b9.json]
[webredox.net/demo/wp/gmag/wp-json/oembed/1.0/embeddaeb]
[webredox.net/demo/wp/gmag/wp-content/uploads/2022/06/57-857x572.jpg]
[webredox.net/demo/wp/gmag/wp-content/uploads/2022/06/35-758x520.jpg]
[webredox.net/demo/wp/gmag/first-prototype-flight-using-kinetic-launch-system/index.html]
[webredox.net/demo/wp/gmag/wp-content/cache/minify/66101.css]
[webredox.net/demo/wp/gmag/first-prototype-flight-using-kinetic-launch-system/indexa858.html]
[webredox.net/demo/wp/gmag/first-prototype-flight-using-kinetic-launch-system/index04d3.html]
[webredox.net/demo/wp/gmag/first-prototype-flight-using-kinetic-launch-system/indexfa40.html]
[webredox.net/demo/wp/gmag/wp-json/wp/v2/pages/594.json]
[webredox.net/demo/wp/gmag/wp-json/oembed/1.0/embedc35d.json]
[webredox.net/demo/wp/gmag/wp-json/oembed/1.0/embeda657]
[webredox.net/demo/wp/gmag/wp-content/uploads/2022/06/52-758x520.jpg]
[webredox.net/demo/wp/gmag/carousel/index.html]
[webredox.net/demo/wp/gmag/wp-content/cache/minify/a42f5.css]
[webredox.net/demo/wp/gmag/wp-json/wp/v2/pages/596.json]
[webredox.net/demo/wp/gmag/wp-json/oembed/1.0/embed92a6.json]
[webredox.net/demo/wp/gmag/wp-json/oembed/1.0/embedd137]
[webredox.net/demo/wp/gmag/grid/index.html]
[webredox.net/demo/wp/gmag/blog/index.html]
[webredox.net/demo/wp/gmag/blog/page/3/index.html]
[webredox.net/demo/wp/gmag/blog/page/2/index.html]
[webredox.net/demo/wp/gmag/blog/page/4/index.html]
[webredox.net/demo/wp/gmag/wp-json/wp/v2/pages/343.json]
[webredox.net/demo/wp/gmag/wp-json/oembed/1.0/embed682c.json]
[webredox.net/demo/wp/gmag/wp-json/oembed/1.0/embed3d4b]
[webredox.net/demo/wp/gmag/blog-list-style/index.html]
[webredox.net/demo/wp/gmag/blog-list-style/page/2/index.html]
[webredox.net/demo/wp/gmag/blog-list-style/page/3/index.html]
[webredox.net/demo/wp/gmag/wp-json/wp/v2/pages/346.json]
[webredox.net/demo/wp/gmag/blog-list-style/page/4/index.html]
[webredox.net/demo/wp/gmag/wp-json/oembed/1.0/embed8aa8.json]
[webredox.net/demo/wp/gmag/wp-json/oembed/1.0/embed74b1]
[webredox.net/demo/wp/gmag/wp-content/cache/minify/8c8f5.js]
[webredox.net/demo/wp/gmag/blog-list-style-2/index.html]
[webredox.net/demo/wp/gmag/wp-json/wp/v2/pages/350.json]
[webredox.net/demo/wp/gmag/wp-json/oembed/1.0/embed8b1f.json]
[webredox.net/demo/wp/gmag/wp-json/oembed/1.0/embed33d6]
[webredox.net/demo/wp/gmag/blog-fullwidth/index.html]
[webredox.net/demo/wp/gmag/wp-json/wp/v2/pages/353.json]
[webredox.net/demo/wp/gmag/wp-json/oembed/1.0/embeda912.json]
[webredox.net/demo/wp/gmag/wp-json/oembed/1.0/embed94e6]
[webredox.net/demo/wp/gmag/wp-content/cache/minify/2d749.js]
[webredox.net/demo/wp/gmag/blog-grid-style/index.html]
[webredox.net/demo/wp/gmag/blog-grid-style/page/2/index.html]
[webredox.net/demo/wp/gmag/blog-grid-style/page/3/index.html]
[webredox.net/demo/wp/gmag/london-stay-most-popular-city/feed/index.html]
[webredox.net/demo/wp/gmag/wp-json/wp/v2/posts/279.json]
[webredox.net/demo/wp/gmag/wp-json/oembed/1.0/embed982e.json]
[webredox.net/demo/wp/gmag/wp-json/oembed/1.0/embedf416]
[webredox.net/demo/wp/gmag/wp-content/uploads/2022/06/42-758x520.jpg]
[webredox.net/demo/wp/gmag/wp-content/uploads/2022/06/44-758x520.jpg]
[webredox.net/demo/wp/gmag/london-stay-most-popular-city/index.html]
[webredox.net/demo/wp/gmag/london-stay-most-popular-city/index7653.html]
[webredox.net/demo/wp/gmag/london-stay-most-popular-city/index2096.html]
[webredox.net/demo/wp/gmag/london-stay-most-popular-city/index504c.html]
[webredox.net/demo/wp/gmag/wp-json/wp/v2/pages/624.json]
[webredox.net/demo/wp/gmag/wp-json/oembed/1.0/embed891b.json]
[webredox.net/demo/wp/gmag/wp-json/oembed/1.0/embed6ddd]
[webredox.net/demo/wp/gmag/business/index.html]
[webredox.net/demo/wp/gmag/business/page/4/index.html]
[webredox.net/demo/wp/gmag/wp-json/wp/v2/pages/626.json]
[webredox.net/demo/wp/gmag/business/page/2/index.html]
[webredox.net/demo/wp/gmag/business/page/3/index.html]
[webredox.net/demo/wp/gmag/wp-json/oembed/1.0/embed0414.json]
[webredox.net/demo/wp/gmag/wp-json/oembed/1.0/embedd428]
[webredox.net/demo/wp/gmag/technology/index.html]
[webredox.net/demo/wp/gmag/wp-content/uploads/2022/06/1-2.jpg]
[webredox.net/demo/wp/gmag/shop/feed/index.html]
[webredox.net/demo/wp/gmag/product/awesome-merch-wallet-copy/index.html]
[webredox.net/demo/wp/gmag/wp-content/uploads/2022/06/2-2.jpg]
[webredox.net/demo/wp/gmag/wp-content/uploads/2022/06/3-3.jpg]
[webredox.net/demo/wp/gmag/shop/index33a8.html]
[webredox.net/demo/wp/gmag/wp-content/uploads/2022/06/4-2.jpg]
[webredox.net/demo/wp/gmag/shop/index086a.html]
[webredox.net/demo/wp/gmag/wp-content/uploads/2022/06/5-1.jpg]
[webredox.net/demo/wp/gmag/product/compact-merch-box/index.html]
[webredox.net/demo/wp/gmag/shop/index7d8d.html]
[webredox.net/demo/wp/gmag/wp-content/uploads/2022/06/6-1.jpg]
[webredox.net/demo/wp/gmag/shop/index.html]
[webredox.net/demo/wp/gmag/shop/index442e.html]
[webredox.net/demo/wp/gmag/product/storage-double-jars/index.html]
[webredox.net/demo/wp/gmag/shop/indexb0c6.html]
[webredox.net/demo/wp/gmag/product/merch-tea-cup/index.html]
[webredox.net/demo/wp/gmag/shop/index42d1.html]
[webredox.net/demo/wp/gmag/wp-content/cache/minify/3dce0.js]
[webredox.net/demo/wp/gmag/product/impact-merch-banner/index.html]
[webredox.net/demo/wp/gmag/product-category/politics/index.html]
[webredox.net/demo/wp/gmag/wp-content/cache/minify/b3ec4.js]
[webredox.net/demo/wp/gmag/product-category/technology/index.html]
[webredox.net/demo/wp/gmag/product-category/business/index.html]
[webredox.net/demo/wp/gmag/product-category/sports/index.html]
[webredox.net/demo/wp/gmag/product-category/science/index.html]
[webredox.net/demo/wp/gmag/wp-json/wp/v2/product/426.json]
[webredox.net/demo/wp/gmag/product-tag/business/index.html]
[webredox.net/demo/wp/gmag/product-tag/lifestyle/index.html]
[webredox.net/demo/wp/gmag/product-tag/science/index.html]
[webredox.net/demo/wp/gmag/product-tag/technology/index.html]
[webredox.net/demo/wp/gmag/wp-json/oembed/1.0/embedb5ab.json]
[webredox.net/demo/wp/gmag/product/awesome-merch-wallet/feed/index.html]
[webredox.net/demo/wp/gmag/wp-json/oembed/1.0/embed2f0d]
[webredox.net/demo/wp/gmag/product/awesome-merch-wallet/index.html]
[webredox.net/demo/wp/gmag/wp-content/cache/minify/1831f.css]
[webredox.net/demo/wp/gmag/wp-content/cache/minify/52c3d.css]
[webredox.net/demo/wp/gmag/wp-json/wp/v2/pages/365.json]
[webredox.net/demo/wp/gmag/wp-json/oembed/1.0/embed2cca.json]
[webredox.net/demo/wp/gmag/wp-json/oembed/1.0/embed8cf3]
[webredox.net/demo/wp/gmag/wp-content/uploads/2022/06/6.jpg]
[webredox.net/demo/wp/gmag/about/index.html]
[webredox.net/demo/wp/gmag/wp-content/cache/minify/4941a.js]
[webredox.net/demo/wp/gmag/wp-content/cache/minify/590f9.css]
[webredox.net/demo/wp/gmag/wp-content/cache/minify/6a7d5.css]
[webredox.net/demo/wp/gmag/wp-json/wp/v2/pages/383.json]
[webredox.net/demo/wp/gmag/wp-json/oembed/1.0/embedb46b.json]
[webredox.net/demo/wp/gmag/wp-json/oembed/1.0/embedccef]
[webredox.net/demo/wp/gmag/contacts/index.html]
[webredox.net/demo/wp/gmag/wp-json/wp/v2/categories/3.json]
[webredox.net/demo/wp/gmag/category/technology/index.html]
[webredox.net/demo/wp/gmag/category/technology/feed/index.html]
[webredox.net/demo/wp/gmag/wp-json/wp/v2/users/1.json]
[webredox.net/demo/wp/gmag/author/admin/feed/index.html]
[webredox.net/demo/wp/gmag/wp-content/cache/minify/14e91.js]
[webredox.net/demo/wp/gmag/author/admin/index.html]
[webredox.net/demo/wp/gmag/404.html]
[webredox.net/demo/wp/gmag/author/admin/page/2/index.html]
[webredox.net/demo/wp/gmag/wp-json/wp/v2/categories/9.json]
[webredox.net/demo/wp/gmag/category/politics/index.html]
[webredox.net/demo/wp/gmag/category/politics/feed/index.html]
[webredox.net/demo/wp/gmag/author/webredox/feed/index.html]
[webredox.net/demo/wp/gmag/wp-json/wp/v2/users/2.json]
[webredox.net/demo/wp/gmag/author/webredox/index.html]
[webredox.net/demo/wp/gmag/wp-json/wp/v2/categories/25.json]
[webredox.net/demo/wp/gmag/category/business/index.html]
[webredox.net/demo/wp/gmag/author/webredox/page/2/index.html]
[webredox.net/demo/wp/gmag/category/business/feed/index.html]
[webredox.net/demo/wp/gmag/wp-json/wp/v2/posts/238.json]
[webredox.net/demo/wp/gmag/what-the-federal-infrastructure-package-means-for-minnesota/feed/index.html]
[webredox.net/demo/wp/gmag/wp-json/oembed/1.0/embed4a12.json]
[webredox.net/demo/wp/gmag/wp-json/oembed/1.0/embedbd20]
[webredox.net/demo/wp/gmag/wp-content/uploads/2022/06/7-2-857x572.jpg]
[webredox.net/demo/wp/gmag/wp-content/uploads/2022/06/18-1-758x520.jpg]
[webredox.net/demo/wp/gmag/wp-content/uploads/2022/06/15-1-758x520.jpg]
[webredox.net/demo/wp/gmag/what-the-federal-infrastructure-package-means-for-minnesota/index.html]
[webredox.net/demo/wp/gmag/what-the-federal-infrastructure-package-means-for-minnesota/indexb901.html]
[webredox.net/demo/wp/gmag/what-the-federal-infrastructure-package-means-for-minnesota/indexbed3.html]
[webredox.net/demo/wp/gmag/what-the-federal-infrastructure-package-means-for-minnesota/index5cd6.html]
[webredox.net/demo/wp/gmag/wp-json/wp/v2/posts/272.json]
[webredox.net/demo/wp/gmag/additional-jobs-and-economic-growth-after-the-pandemic/feed/index.html]
[webredox.net/demo/wp/gmag/wp-json/oembed/1.0/embed9e69.json]
[webredox.net/demo/wp/gmag/wp-json/oembed/1.0/embed1a05]
[webredox.net/demo/wp/gmag/wp-content/uploads/2022/06/43-758x520.jpg]
[webredox.net/demo/wp/gmag/additional-jobs-and-economic-growth-after-the-pandemic/index.html]
[webredox.net/demo/wp/gmag/wp-json/wp/v2/posts/68.json]
[webredox.net/demo/wp/gmag/additional-jobs-and-economic-growth-after-the-pandemic/index5dd2.html]
[webredox.net/demo/wp/gmag/additional-jobs-and-economic-growth-after-the-pandemic/index129f.html]
[webredox.net/demo/wp/gmag/perfect-james-webb-telescope-on-track-for-launch/feed/index.html]
[webredox.net/demo/wp/gmag/wp-json/oembed/1.0/embeda714.json]
[webredox.net/demo/wp/gmag/additional-jobs-and-economic-growth-after-the-pandemic/indexbbac.html]
[webredox.net/demo/wp/gmag/wp-json/oembed/1.0/embed7367]
[webredox.net/demo/wp/gmag/wp-content/uploads/2022/06/35-857x572.jpg]
[webredox.net/demo/wp/gmag/wp-content/uploads/2022/06/38-758x520.jpg]
[webredox.net/demo/wp/gmag/perfect-james-webb-telescope-on-track-for-launch/index.html]
[webredox.net/demo/wp/gmag/wp-json/wp/v2/posts/192.json]
[webredox.net/demo/wp/gmag/perfect-james-webb-telescope-on-track-for-launch/index360b.html]
[webredox.net/demo/wp/gmag/perfect-james-webb-telescope-on-track-for-launch/index8528.html]
[webredox.net/demo/wp/gmag/perfect-james-webb-telescope-on-track-for-launch/index6f0d.html]
[webredox.net/demo/wp/gmag/videos-show-spacexs-dragon-capsule-as-it-returns-to-earth/feed/index.html]
[webredox.net/demo/wp/gmag/wp-json/oembed/1.0/embed0746.json]
[webredox.net/demo/wp/gmag/wp-json/oembed/1.0/embed90e3]
[webredox.net/demo/wp/gmag/wp-content/uploads/2022/06/31-857x572.jpg]
[webredox.net/demo/wp/gmag/wp-content/uploads/2022/06/24-758x520.jpg]
[webredox.net/demo/wp/gmag/wp-content/uploads/2022/06/37-758x520.jpg]
[webredox.net/demo/wp/gmag/videos-show-spacexs-dragon-capsule-as-it-returns-to-earth/index.html]
[webredox.net/demo/wp/gmag/videos-show-spacexs-dragon-capsule-as-it-returns-to-earth/index1dff.html]
[webredox.net/demo/wp/gmag/wp-json/wp/v2/posts/217.json]
[webredox.net/demo/wp/gmag/videos-show-spacexs-dragon-capsule-as-it-returns-to-earth/index2320.html]
[webredox.net/demo/wp/gmag/videos-show-spacexs-dragon-capsule-as-it-returns-to-earth/index094c.html]
[webredox.net/demo/wp/gmag/cape-towns-day-zero-we-are-axing-trees-to-save-water/feed/index.html]
[webredox.net/demo/wp/gmag/wp-json/oembed/1.0/embed32cc.json]
[webredox.net/demo/wp/gmag/wp-json/oembed/1.0/embed37ff]
[webredox.net/demo/wp/gmag/wp-content/uploads/2022/06/39-857x572.jpg]
[webredox.net/demo/wp/gmag/cape-towns-day-zero-we-are-axing-trees-to-save-water/index.html]
[webredox.net/demo/wp/gmag/wp-json/wp/v2/posts/154.json]
[webredox.net/demo/wp/gmag/cape-towns-day-zero-we-are-axing-trees-to-save-water/indexdefb.html]
[webredox.net/demo/wp/gmag/cape-towns-day-zero-we-are-axing-trees-to-save-water/index6d69.html]
[webredox.net/demo/wp/gmag/cape-towns-day-zero-we-are-axing-trees-to-save-water/index3d09.html]
[webredox.net/demo/wp/gmag/oculus-in-trending-now/feed/index.html]
[webredox.net/demo/wp/gmag/wp-json/oembed/1.0/embed053c.json]
[webredox.net/demo/wp/gmag/wp-json/oembed/1.0/embed0bc5]
[webredox.net/demo/wp/gmag/wp-content/uploads/2022/06/33-758x520.jpg]
[webredox.net/demo/wp/gmag/wp-content/uploads/2022/06/3-2-758x520.jpg]
[webredox.net/demo/wp/gmag/oculus-in-trending-now/index.html]
[webredox.net/demo/wp/gmag/wp-json/wp/v2/posts/76.json]
[webredox.net/demo/wp/gmag/oculus-in-trending-now/index740f.html]
[webredox.net/demo/wp/gmag/oculus-in-trending-now/indexed49.html]
[webredox.net/demo/wp/gmag/oculus-in-trending-now/indexcff9.html]
[webredox.net/demo/wp/gmag/perfect-james-webb-telescope-on-track-for-launch-copy/feed/index.html]
[webredox.net/demo/wp/gmag/wp-json/oembed/1.0/embed40e5.json]
[webredox.net/demo/wp/gmag/wp-json/oembed/1.0/embed01a1]
[webredox.net/demo/wp/gmag/wp-content/uploads/2022/06/48-857x572.jpg]
[webredox.net/demo/wp/gmag/wp-content/uploads/2022/06/16-758x520.jpg]
[webredox.net/demo/wp/gmag/perfect-james-webb-telescope-on-track-for-launch-copy/index.html]
[webredox.net/demo/wp/gmag/wp-json/wp/v2/posts/148.json]
[webredox.net/demo/wp/gmag/perfect-james-webb-telescope-on-track-for-launch-copy/index06ab.html]
[webredox.net/demo/wp/gmag/perfect-james-webb-telescope-on-track-for-launch-copy/indexa82a.html]
[webredox.net/demo/wp/gmag/perfect-james-webb-telescope-on-track-for-launch-copy/indexf970.html]
[webredox.net/demo/wp/gmag/london-stay-most-popular-city-2/feed/index.html]
[webredox.net/demo/wp/gmag/wp-json/oembed/1.0/embed39e2.json]
[webredox.net/demo/wp/gmag/wp-json/oembed/1.0/embed4100]
[webredox.net/demo/wp/gmag/london-stay-most-popular-city-2/index.html]
[webredox.net/demo/wp/gmag/wp-json/wp/v2/posts/276.json]
[webredox.net/demo/wp/gmag/london-stay-most-popular-city-2/index39ab.html]
[webredox.net/demo/wp/gmag/london-stay-most-popular-city-2/index9e16.html]
[webredox.net/demo/wp/gmag/london-stay-most-popular-city-2/indexb621.html]
[webredox.net/demo/wp/gmag/scientific-research-goes-to-the-next-level/feed/index.html]
[webredox.net/demo/wp/gmag/wp-json/oembed/1.0/embed4102.json]
[webredox.net/demo/wp/gmag/wp-json/oembed/1.0/embed3c3a]
[webredox.net/demo/wp/gmag/wp-content/uploads/2022/06/1-1-758x520.jpg]
[webredox.net/demo/wp/gmag/scientific-research-goes-to-the-next-level/index.html]
[webredox.net/demo/wp/gmag/wp-json/wp/v2/posts/285.json]
[webredox.net/demo/wp/gmag/scientific-research-goes-to-the-next-level/index28b4.html]
[webredox.net/demo/wp/gmag/scientific-research-goes-to-the-next-level/index2166.html]
[webredox.net/demo/wp/gmag/scientific-research-goes-to-the-next-level/index7935.html]
[webredox.net/demo/wp/gmag/options-options-as-clock-ticks-on-climate-talks/feed/index.html]
[webredox.net/demo/wp/gmag/wp-json/oembed/1.0/embed53ed.json]
[webredox.net/demo/wp/gmag/wp-json/oembed/1.0/embeda65c]
[webredox.net/demo/wp/gmag/wp-content/uploads/2022/06/2-758x520.jpg]
[webredox.net/demo/wp/gmag/options-options-as-clock-ticks-on-climate-talks/index.html]
[webredox.net/demo/wp/gmag/options-options-as-clock-ticks-on-climate-talks/index172f.html]
[webredox.net/demo/wp/gmag/wp-json/wp/v2/posts/72.json]
[webredox.net/demo/wp/gmag/options-options-as-clock-ticks-on-climate-talks/indexa3c0.html]
[webredox.net/demo/wp/gmag/options-options-as-clock-ticks-on-climate-talks/indexa2b6.html]
[webredox.net/demo/wp/gmag/sports-tag-club-competition-returns/feed/index.html]
[webredox.net/demo/wp/gmag/wp-json/oembed/1.0/embed4d0b.json]
[webredox.net/demo/wp/gmag/wp-json/oembed/1.0/embedbf89]
[webredox.net/demo/wp/gmag/wp-content/uploads/2022/06/38-857x572.jpg]
[webredox.net/demo/wp/gmag/wp-content/uploads/2022/06/48-758x520.jpg]
[webredox.net/demo/wp/gmag/sports-tag-club-competition-returns/index.html]
[webredox.net/demo/wp/gmag/wp-json/wp/v2/categories/26.json]
[webredox.net/demo/wp/gmag/category/sports/index.html]
[webredox.net/demo/wp/gmag/sports-tag-club-competition-returns/indexa79a.html]
[webredox.net/demo/wp/gmag/sports-tag-club-competition-returns/indexb951.html]
[webredox.net/demo/wp/gmag/sports-tag-club-competition-returns/index5a86.html]
[webredox.net/demo/wp/gmag/category/sports/feed/index.html]
[webredox.net/demo/wp/gmag/wp-json/wp/v2/posts/189.json]
[webredox.net/demo/wp/gmag/warriors-face-season-defining-clash/feed/index.html]
[webredox.net/demo/wp/gmag/wp-json/oembed/1.0/embed1b98.json]
[webredox.net/demo/wp/gmag/wp-json/oembed/1.0/embed842b]
[webredox.net/demo/wp/gmag/wp-content/uploads/2022/06/24-857x572.jpg]
[webredox.net/demo/wp/gmag/wp-content/uploads/2022/06/31-758x520.jpg]
[webredox.net/demo/wp/gmag/warriors-face-season-defining-clash/index.html]
[webredox.net/demo/wp/gmag/wp-json/wp/v2/posts/211.json]
[webredox.net/demo/wp/gmag/warriors-face-season-defining-clash/indexa3a3.html]
[webredox.net/demo/wp/gmag/warriors-face-season-defining-clash/indexa2f2.html]
[webredox.net/demo/wp/gmag/warriors-face-season-defining-clash/index21e4.html]
[webredox.net/demo/wp/gmag/female-hawks-win-10000-funding-boost/feed/index.html]
[webredox.net/demo/wp/gmag/wp-json/oembed/1.0/embed2ada.json]
[webredox.net/demo/wp/gmag/wp-json/oembed/1.0/embedd15a]
[webredox.net/demo/wp/gmag/wp-content/uploads/2022/06/37-857x572.jpg]
[webredox.net/demo/wp/gmag/wp-content/uploads/2022/06/39-758x520.jpg]
[webredox.net/demo/wp/gmag/female-hawks-win-10000-funding-boost/index.html]
[webredox.net/demo/wp/gmag/wp-json/wp/v2/posts/247.json]
[webredox.net/demo/wp/gmag/female-hawks-win-10000-funding-boost/index7c98.html]
[webredox.net/demo/wp/gmag/female-hawks-win-10000-funding-boost/index06b6.html]
[webredox.net/demo/wp/gmag/female-hawks-win-10000-funding-boost/indexec27.html]
[webredox.net/demo/wp/gmag/goodwin-must-break-clarkson-hold/feed/index.html]
[webredox.net/demo/wp/gmag/wp-json/oembed/1.0/embed6043.json]
[webredox.net/demo/wp/gmag/wp-json/oembed/1.0/embed38e9]
[webredox.net/demo/wp/gmag/wp-content/uploads/2022/06/15-1-857x572.jpg]
[webredox.net/demo/wp/gmag/wp-content/uploads/2022/06/7-2-758x520.jpg]
[webredox.net/demo/wp/gmag/goodwin-must-break-clarkson-hold/index.html]
[webredox.net/demo/wp/gmag/wp-json/wp/v2/posts/308.json]
[webredox.net/demo/wp/gmag/goodwin-must-break-clarkson-hold/index5785.html]
[webredox.net/demo/wp/gmag/goodwin-must-break-clarkson-hold/index0a88.html]
[webredox.net/demo/wp/gmag/goodwin-must-break-clarkson-hold/indexf73b.html]
[webredox.net/demo/wp/gmag/sports-season-ends-with-more-surprises/feed/index.html]
[webredox.net/demo/wp/gmag/wp-json/oembed/1.0/embedc35d-2.json]
[webredox.net/demo/wp/gmag/wp-json/oembed/1.0/embedac87]
[webredox.net/demo/wp/gmag/wp-content/uploads/2022/06/54-800x572.jpg]
[webredox.net/demo/wp/gmag/wp-content/uploads/2022/06/53-758x520.jpg]
[webredox.net/demo/wp/gmag/sports-season-ends-with-more-surprises/index.html]
[webredox.net/demo/wp/gmag/wp-json/wp/v2/categories/29.json]
[webredox.net/demo/wp/gmag/category/science/index.html]
[webredox.net/demo/wp/gmag/sports-season-ends-with-more-surprises/index027c.html]
[webredox.net/demo/wp/gmag/sports-season-ends-with-more-surprises/index118b.html]
[webredox.net/demo/wp/gmag/sports-season-ends-with-more-surprises/index3ed4.html]
[webredox.net/demo/wp/gmag/category/science/feed/index.html]
[webredox.net/demo/wp/gmag/wp-json/wp/v2/posts/180.json]
[webredox.net/demo/wp/gmag/how-to-start-home-renovation/feed/index.html]
[webredox.net/demo/wp/gmag/wp-json/oembed/1.0/embed3131.json]
[webredox.net/demo/wp/gmag/wp-json/oembed/1.0/embedb1ff]
[webredox.net/demo/wp/gmag/wp-content/uploads/2022/06/16-857x572.jpg]
[webredox.net/demo/wp/gmag/how-to-start-home-renovation/index.html]
[webredox.net/demo/wp/gmag/wp-json/wp/v2/posts/243.json]
[webredox.net/demo/wp/gmag/how-to-start-home-renovation/index954a.html]
[webredox.net/demo/wp/gmag/how-to-start-home-renovation/index745d.html]
[webredox.net/demo/wp/gmag/how-to-start-home-renovation/indexfaf1.html]
[webredox.net/demo/wp/gmag/high-wind-delays-spacex-crew-homecoming-after-6-months-aloft/feed/index.html]
[webredox.net/demo/wp/gmag/wp-json/oembed/1.0/embed0048.json]
[webredox.net/demo/wp/gmag/wp-json/oembed/1.0/embedea04]
[webredox.net/demo/wp/gmag/wp-content/uploads/2022/06/18-1-857x572.jpg]
[webredox.net/demo/wp/gmag/high-wind-delays-spacex-crew-homecoming-after-6-months-aloft/index.html]
[webredox.net/demo/wp/gmag/wp-json/wp/v2/posts/289.json]
[webredox.net/demo/wp/gmag/high-wind-delays-spacex-crew-homecoming-after-6-months-aloft/index61aa.html]
[webredox.net/demo/wp/gmag/high-wind-delays-spacex-crew-homecoming-after-6-months-aloft/index2636.html]
[webredox.net/demo/wp/gmag/high-wind-delays-spacex-crew-homecoming-after-6-months-aloft/indexc916.html]
[webredox.net/demo/wp/gmag/climate-change-and-your-future-health/feed/index.html]
[webredox.net/demo/wp/gmag/wp-json/oembed/1.0/embed7250.json]
[webredox.net/demo/wp/gmag/wp-json/oembed/1.0/embed977f]
[webredox.net/demo/wp/gmag/wp-content/uploads/2022/06/50-758x520.jpg]
[webredox.net/demo/wp/gmag/climate-change-and-your-future-health/index.html]
[webredox.net/demo/wp/gmag/wp-json/wp/v2/tags/6.json]
[webredox.net/demo/wp/gmag/tag/business/index.html]
[webredox.net/demo/wp/gmag/climate-change-and-your-future-health/indexa129.html]
[webredox.net/demo/wp/gmag/climate-change-and-your-future-health/indexfdcf.html]
[webredox.net/demo/wp/gmag/climate-change-and-your-future-health/indexdcee.html]
[webredox.net/demo/wp/gmag/tag/business/feed/index.html]
[webredox.net/demo/wp/gmag/tag/business/page/2/index.html]
[webredox.net/demo/wp/gmag/wp-json/wp/v2/tags/31.json]
[webredox.net/demo/wp/gmag/tag/food/index.html]
[webredox.net/demo/wp/gmag/tag/business/page/3/index.html]
[webredox.net/demo/wp/gmag/tag/business/page/4/index.html]
[webredox.net/demo/wp/gmag/tag/food/feed/index.html]
[webredox.net/demo/wp/gmag/wp-json/wp/v2/tags/7.json]
[webredox.net/demo/wp/gmag/tag/lifestyle/index.html]
[webredox.net/demo/wp/gmag/tag/lifestyle/feed/index.html]
[webredox.net/demo/wp/gmag/tag/lifestyle/page/3/index.html]
[webredox.net/demo/wp/gmag/tag/lifestyle/page/4/index.html]
[webredox.net/demo/wp/gmag/tag/lifestyle/page/2/index.html]
[webredox.net/demo/wp/gmag/tag/science/feed/index.html]
[webredox.net/demo/wp/gmag/wp-json/wp/v2/tags/4.json]
[webredox.net/demo/wp/gmag/tag/science/index.html]
[webredox.net/demo/wp/gmag/tag/science/page/2/index.html]
[webredox.net/demo/wp/gmag/tag/science/page/3/index.html]
[webredox.net/demo/wp/gmag/tag/science/page/4/index.html]
[webredox.net/demo/wp/gmag/wp-json/wp/v2/tags/30.json]
[webredox.net/demo/wp/gmag/tag/sports/index.html]
[webredox.net/demo/wp/gmag/tag/sports/feed/index.html]
[webredox.net/demo/wp/gmag/wp-json/wp/v2/tags/5.json]
[webredox.net/demo/wp/gmag/tag/technology/index.html]
[webredox.net/demo/wp/gmag/category.html]
[webredox.net/demo/wp/gmag/tag/technology/feed/index.html]
[webredox.net/demo/wp/gmag/tag/technology/page/3/index.html]
[webredox.net/demo/wp/gmag/wp-json/wp/v2/posts/263.json]
[webredox.net/demo/wp/gmag/tag/technology/page/2/index.html]
[webredox.net/demo/wp/gmag/new-vr-glasses-and-headset-system-release/feed/index.html]
[webredox.net/demo/wp/gmag/wp-json/oembed/1.0/embed9517.json]
[webredox.net/demo/wp/gmag/wp-json/oembed/1.0/embedd941]
[webredox.net/demo/wp/gmag/new-vr-glasses-and-headset-system-release/index.html]
[webredox.net/demo/wp/gmag/wp-json/wp/v2/posts/293.json]
[webredox.net/demo/wp/gmag/new-vr-glasses-and-headset-system-release/index0c48.html]
[webredox.net/demo/wp/gmag/new-vr-glasses-and-headset-system-release/index1b7b.html]
[webredox.net/demo/wp/gmag/new-vr-glasses-and-headset-system-release/index5602.html]
[webredox.net/demo/wp/gmag/envatocoin-vulnerable-to-retest-20k-support/feed/index.html]
[webredox.net/demo/wp/gmag/wp-json/oembed/1.0/embedd7e9.json]
[webredox.net/demo/wp/gmag/wp-json/oembed/1.0/embed9699]
[webredox.net/demo/wp/gmag/wp-content/uploads/2022/06/50-800x572.jpg]
[webredox.net/demo/wp/gmag/envatocoin-vulnerable-to-retest-20k-support/index.html]
[webredox.net/demo/wp/gmag/wp-json/wp/v2/posts/296.json]
[webredox.net/demo/wp/gmag/envatocoin-vulnerable-to-retest-20k-support/index616c.html]
[webredox.net/demo/wp/gmag/envatocoin-vulnerable-to-retest-20k-support/indexd61b.html]
[webredox.net/demo/wp/gmag/videos-show-spacexs-dragon-capsule-as-it-returns-to-earth-2/feed/index.html]
[webredox.net/demo/wp/gmag/envatocoin-vulnerable-to-retest-20k-support/indexdb9d.html]
[webredox.net/demo/wp/gmag/wp-json/oembed/1.0/embed622f.json]
[webredox.net/demo/wp/gmag/wp-json/oembed/1.0/embedea13]
[webredox.net/demo/wp/gmag/wp-content/uploads/2022/06/53-800x572.jpg]
[webredox.net/demo/wp/gmag/wp-content/uploads/2022/06/54-758x520.jpg]
[webredox.net/demo/wp/gmag/videos-show-spacexs-dragon-capsule-as-it-returns-to-earth-2/index.html]
[webredox.net/demo/wp/gmag/wp-json/wp/v2/posts/311.json]
[webredox.net/demo/wp/gmag/videos-show-spacexs-dragon-capsule-as-it-returns-to-earth-2/index7693.html]
[webredox.net/demo/wp/gmag/videos-show-spacexs-dragon-capsule-as-it-returns-to-earth-2/index46e3.html]
[webredox.net/demo/wp/gmag/videos-show-spacexs-dragon-capsule-as-it-returns-to-earth-2/index3171.html]
[webredox.net/demo/wp/gmag/world-electric-ready-to-race-tomorrow/feed/index.html]
[webredox.net/demo/wp/gmag/wp-json/oembed/1.0/embed43c8.json]
[webredox.net/demo/wp/gmag/wp-json/oembed/1.0/embed1523]
[webredox.net/demo/wp/gmag/wp-content/uploads/2022/06/52-800x572.jpg]
[webredox.net/demo/wp/gmag/world-electric-ready-to-race-tomorrow/index.html]
[webredox.net/demo/wp/gmag/wp-content/cache/minify/7ef02.css]
[webredox.net/demo/wp/gmag/world-electric-ready-to-race-tomorrow/index2e08.html]
[webredox.net/demo/wp/gmag/world-electric-ready-to-race-tomorrow/indexdb5d.html]
[webredox.net/demo/wp/gmag/world-electric-ready-to-race-tomorrow/indexf0f0.html]
[webredox.net/demo/wp/gmag/wp-json/wp/v2/pages/54.json]
[webredox.net/demo/wp/gmag/wp-json/oembed/1.0/embedae4a.json]
[webredox.net/demo/wp/gmag/wp-json/oembed/1.0/embedf8ec]
[webredox.net/demo/wp/gmag/shop/refund_returns/index.html]
[webredox.net/demo/wp/gmag/wp-content/cache/minify/a45ef.css]
[webredox.net/demo/wp/gmag/wp-json/wp/v2/pages/3.json]
[webredox.net/demo/wp/gmag/wp-json/oembed/1.0/embed9810.json]
[webredox.net/demo/wp/gmag/wp-json/oembed/1.0/embedf1ec]
[webredox.net/demo/wp/gmag/shop/privacy-policy/index.html]
[webredox.net/demo/wp/gmag/wp-content/cache/minify/12695.css]
[webredox.net/demo/wp/gmag/wp-content/cache/minify/379b7.js]
[webredox.net/demo/wp/gmag/wp-content/cache/minify/dd761.js]
[webredox.net/demo/wp/gmag/wp-content/cache/minify/74544.js]
[webredox.net/demo/wp/gmag/wp-content/cache/minify/bf5e7.js]
[webredox.net/demo/wp/gmag/wp-content/cache/minify/d1c52.js]
[webredox.net/demo/wp/gmag/wp-json/wp/v2/pages/53.json]
[webredox.net/demo/wp/gmag/wp-json/oembed/1.0/embed3d8e.json]
[webredox.net/demo/wp/gmag/shop/my-account/index.html]
[webredox.net/demo/wp/gmag/wp-json/oembed/1.0/embedddd5]
[webredox.net/demo/wp/gmag/shop/my-account/lost-password/index.html]
[webredox.net/demo/wp/gmag/wp-content/cache/minify/3489d.js]
[webredox.net/demo/wp/gmag/wp-content/cache/minify/79cf4.js]
[webredox.net/demo/wp/gmag/wp-content/cache/minify/3032b.js]
[webredox.net/demo/wp/gmag/wp-content/cache/minify/b6cc6.js]
[webredox.net/demo/wp/gmag/wp-content/cache/minify/20f99.js]
[webredox.net/demo/wp/gmag/wp-content/cache/minify/56778.js]
[webredox.net/demo/wp/gmag/wp-content/cache/minify/58a4d.js]
[webredox.net/demo/wp/gmag/wp-content/plugins/woocommerce/assets/fonts/star.svg]
[webredox.net/demo/wp/gmag/wp-content/plugins/woocommerce/assets/fonts/WooCommerce.svg]
[webredox.net/demo/wp/gmag/wp-content/plugins/woocommerce/assets/images/icons/loader.svg]
[webredox.net/demo/wp/gmag/wp-content/plugins/woocommerce/assets/images/icons/credit-cards/visa.svg]
[webredox.net/demo/wp/gmag/wp-content/plugins/woocommerce/assets/images/icons/credit-cards/mastercard.svg]
[webredox.net/demo/wp/gmag/wp-content/plugins/woocommerce/assets/images/icons/credit-cards/laser.svg]
[webredox.net/demo/wp/gmag/wp-content/plugins/woocommerce/assets/images/icons/credit-cards/diners.svg]
[webredox.net/demo/wp/gmag/wp-content/plugins/woocommerce/assets/images/icons/credit-cards/maestro.svg]
[webredox.net/demo/wp/gmag/wp-content/plugins/woocommerce/assets/images/icons/credit-cards/jcb.svg]
[webredox.net/demo/wp/gmag/wp-content/plugins/woocommerce/assets/images/icons/credit-cards/amex.svg]
[webredox.net/demo/wp/gmag/wp-content/plugins/woocommerce/assets/images/icons/credit-cards/discover.svg]
[webredox.net/demo/wp/gmag/wp-content/themes/gmag/includes/fonts/fa-brands-400.svg]
[webredox.net/demo/wp/gmag/wp-content/themes/gmag/includes/fonts/fa-light-300.svg]
[webredox.net/demo/wp/gmag/wp-content/themes/gmag/includes/fonts/fa-regular-400.svg]
[webredox.net/demo/wp/gmag/wp-content/themes/gmag/includes/fonts/fa-solid-900.svg]
[webredox.net/demo/wp/gmag/wp-content/themes/gmag/includes/fonts/lgd641.svg]
[webredox.net/demo/wp/gmag/wp-content/themes/gmag/includes/img/vimeo-play.html]
[webredox.net/demo/wp/gmag/wp-content/themes/gmag/includes/img/video-play.html]
[webredox.net/demo/wp/gmag/wp-content/themes/gmag/includes/img/youtube-play.html]
[webredox.net/demo/wp/gmag/wp-content/themes/gmag/includes/images/bg/7.html]
[webredox.net/demo/wp/gmag/wp-content/plugins/elementor/assets/lib/eicons/fonts/eicons8016.svg]
[webredox.net/demo/wp/gmag/wp-content/plugins/elementor/assets/lib/font-awesome/webfonts/fa-brands-400.svg]
[webredox.net/demo/wp/gmag/wp-content/cache/minify/54146.css]
[webredox.net/demo/wp/gmag/index0e62.html]
[webredox.net/demo/wp/gmag/innovations-that-bring-pleasure-to-all-peoples/index0e22.html]
[webredox.net/demo/wp/gmag/innovations-that-bring-pleasure-to-all-peoples/index3094.html]
[webredox.net/demo/wp/gmag/innovations-that-bring-pleasure-to-all-peoples/index21b4.html]
[webredox.net/demo/wp/gmag/wp-content/cache/minify/77092.js]
[webredox.net/demo/wp/gmag/wp-content/cache/minify/4473e.js]
[webredox.net/demo/wp/gmag/index4170.html]
[webredox.net/demo/wp/gmag/heres-the-proof-that-momentum-strategies-work/index8e42.html]
[webredox.net/demo/wp/gmag/heres-the-proof-that-momentum-strategies-work/index267f.html]
[webredox.net/demo/wp/gmag/heres-the-proof-that-momentum-strategies-work/index41b7.html]
[webredox.net/demo/wp/gmag/index094d.html]
[webredox.net/demo/wp/gmag/how-maps-reshape-american-politics-in-world/index94a5.html]
[webredox.net/demo/wp/gmag/how-maps-reshape-american-politics-in-world/indexfc06.html]
[webredox.net/demo/wp/gmag/how-maps-reshape-american-politics-in-world/index6944.html]
[webredox.net/demo/wp/gmag/index8cd4.html]
[webredox.net/demo/wp/gmag/first-prototype-flight-using-kinetic-launch-system/indexa858.html]
[webredox.net/demo/wp/gmag/first-prototype-flight-using-kinetic-launch-system/index04d3.html]
[webredox.net/demo/wp/gmag/first-prototype-flight-using-kinetic-launch-system/indexfa40.html]
[webredox.net/demo/wp/gmag/wp-content/cache/minify/66101.css]
[webredox.net/demo/wp/gmag/index3e9a.html]
[webredox.net/demo/wp/gmag/carousel/category.html]
[webredox.net/demo/wp/gmag/wp-content/cache/minify/a42f5.css]
[webredox.net/demo/wp/gmag/indexbc2b.html]
[webredox.net/demo/wp/gmag/grid/category.html]
[webredox.net/demo/wp/gmag/blog/page/2/index.html]
[webredox.net/demo/wp/gmag/blog/page/3/index.html]
[webredox.net/demo/wp/gmag/blog/page/4/index.html]
[webredox.net/demo/wp/gmag/index3e1b.html]
[webredox.net/demo/wp/gmag/blog-list-style/page/2/index.html]
[webredox.net/demo/wp/gmag/blog-list-style/page/3/index.html]
[webredox.net/demo/wp/gmag/blog-list-style/page/4/index.html]
[webredox.net/demo/wp/gmag/index17f1.html]
[webredox.net/demo/wp/gmag/wp-content/cache/minify/8c8f5.js]
[webredox.net/demo/wp/gmag/index8fbb.html]
[webredox.net/demo/wp/gmag/indexbc6e.html]
[webredox.net/demo/wp/gmag/blog-grid-style/page/2/index.html]
[webredox.net/demo/wp/gmag/blog-grid-style/page/3/index.html]
[webredox.net/demo/wp/gmag/wp-content/cache/minify/2d749.js]
[webredox.net/demo/wp/gmag/index45c8.html]
[webredox.net/demo/wp/gmag/london-stay-most-popular-city/index7653.html]
[webredox.net/demo/wp/gmag/london-stay-most-popular-city/index2096.html]
[webredox.net/demo/wp/gmag/london-stay-most-popular-city/index504c.html]
[webredox.net/demo/wp/gmag/index5a14.html]
[webredox.net/demo/wp/gmag/business/page/2/index.html]
[webredox.net/demo/wp/gmag/business/page/3/index.html]
[webredox.net/demo/wp/gmag/business/page/4/index.html]
[webredox.net/demo/wp/gmag/indexe90e.html]
[webredox.net/demo/wp/gmag/shop/index33a8.html]
[webredox.net/demo/wp/gmag/product/awesome-merch-wallet-copy/feed/index.html]
[webredox.net/demo/wp/gmag/wp-json/wp/v2/product/431.json]
[webredox.net/demo/wp/gmag/shop/cart/index.html]
[webredox.net/demo/wp/gmag/wp-json/oembed/1.0/embed8070.json]
[webredox.net/demo/wp/gmag/wp-json/oembed/1.0/embed5672]
[webredox.net/demo/wp/gmag/product/awesome-merch-wallet-copy/index.html]
[webredox.net/demo/wp/gmag/shop/index086a.html]
[webredox.net/demo/wp/gmag/wp-json/wp/v2/product/433.json]
[webredox.net/demo/wp/gmag/product/compact-merch-box/feed/index.html]
[webredox.net/demo/wp/gmag/wp-json/oembed/1.0/embedd899.json]
[webredox.net/demo/wp/gmag/wp-json/oembed/1.0/embed805d]
[webredox.net/demo/wp/gmag/product/compact-merch-box/index.html]
[webredox.net/demo/wp/gmag/shop/index7d8d.html]
[webredox.net/demo/wp/gmag/wp-json/wp/v2/product/437.json]
[webredox.net/demo/wp/gmag/product/storage-double-jars/feed/index.html]
[webredox.net/demo/wp/gmag/wp-json/oembed/1.0/embedec29.json]
[webredox.net/demo/wp/gmag/wp-json/oembed/1.0/embed53c2]
[webredox.net/demo/wp/gmag/product/storage-double-jars/index.html]
[webredox.net/demo/wp/gmag/shop/index442e.html]
[webredox.net/demo/wp/gmag/wp-json/wp/v2/product/439.json]
[webredox.net/demo/wp/gmag/product/merch-tea-cup/feed/index.html]
[webredox.net/demo/wp/gmag/wp-json/oembed/1.0/embed742c.json]
[webredox.net/demo/wp/gmag/wp-json/oembed/1.0/embed2ad3]
[webredox.net/demo/wp/gmag/product/merch-tea-cup/index.html]
[webredox.net/demo/wp/gmag/shop/indexb0c6.html]
[webredox.net/demo/wp/gmag/wp-json/wp/v2/product/441.json]
[webredox.net/demo/wp/gmag/product/impact-merch-banner/feed/index.html]
[webredox.net/demo/wp/gmag/wp-json/oembed/1.0/embed9159.json]
[webredox.net/demo/wp/gmag/wp-json/oembed/1.0/embede3ea]
[webredox.net/demo/wp/gmag/product/impact-merch-banner/index.html]
[webredox.net/demo/wp/gmag/shop/index42d1.html]
[webredox.net/demo/wp/gmag/wp-json/wp/v2/product_cat/37.json]
[webredox.net/demo/wp/gmag/product-category/politics/index.html]
[webredox.net/demo/wp/gmag/product-category/politics/feed/index.html]
[webredox.net/demo/wp/gmag/product-category/politics/index7d8d.html]
[webredox.net/demo/wp/gmag/product-category/politics/index442e.html]
[webredox.net/demo/wp/gmag/product-category/politics/indexb0c6.html]
[webredox.net/demo/wp/gmag/wp-json/wp/v2/product_cat/39.json]
[webredox.net/demo/wp/gmag/product-category/technology/index.html]
[webredox.net/demo/wp/gmag/product-category/technology/feed/index.html]
[webredox.net/demo/wp/gmag/product-category/technology/index42d1.html]
[webredox.net/demo/wp/gmag/product-category/technology/indexb0c6.html]
[webredox.net/demo/wp/gmag/product-category/business/feed/index.html]
[webredox.net/demo/wp/gmag/wp-json/wp/v2/product_cat/40.json]
[webredox.net/demo/wp/gmag/product-category/business/index.html]
[webredox.net/demo/wp/gmag/product-category/business/index42d1.html]
[webredox.net/demo/wp/gmag/product-category/sports/feed/index.html]
[webredox.net/demo/wp/gmag/wp-json/wp/v2/product_cat/38.json]
[webredox.net/demo/wp/gmag/product-category/sports/index.html]
[webredox.net/demo/wp/gmag/product-category/sports/index442e.html]
[webredox.net/demo/wp/gmag/product-category/sports/indexb0c6.html]
[webredox.net/demo/wp/gmag/product-category/sports/index42d1.html]
[webredox.net/demo/wp/gmag/wp-json/wp/v2/product_cat/32.json]
[webredox.net/demo/wp/gmag/product-category/science/index.html]
[webredox.net/demo/wp/gmag/product-category/science/feed/index.html]
[webredox.net/demo/wp/gmag/product-category/science/index33a8.html]
[webredox.net/demo/wp/gmag/product-category/science/index086a.html]
[webredox.net/demo/wp/gmag/product-category/science/index7d8d.html]
[webredox.net/demo/wp/gmag/wp-json/wp/v2/product_tag/35.json]
[webredox.net/demo/wp/gmag/product-tag/business/index.html]
[webredox.net/demo/wp/gmag/product-tag/business/feed/index.html]
[webredox.net/demo/wp/gmag/product-tag/business/index33a8.html]
[webredox.net/demo/wp/gmag/product-tag/business/index086a.html]
[webredox.net/demo/wp/gmag/product-tag/business/index7d8d.html]
[webredox.net/demo/wp/gmag/product-tag/business/index442e.html]
[webredox.net/demo/wp/gmag/wp-json/wp/v2/product_tag/36.json]
[webredox.net/demo/wp/gmag/product-tag/lifestyle/index.html]
[webredox.net/demo/wp/gmag/product-tag/business/indexb0c6.html]
[webredox.net/demo/wp/gmag/product-tag/business/index42d1.html]
[webredox.net/demo/wp/gmag/product-tag/lifestyle/feed/index.html]
[webredox.net/demo/wp/gmag/product-tag/lifestyle/index33a8.html]
[webredox.net/demo/wp/gmag/product-tag/lifestyle/index086a.html]
[webredox.net/demo/wp/gmag/wp-json/wp/v2/product_tag/33.json]
[webredox.net/demo/wp/gmag/product-tag/science/index.html]
[webredox.net/demo/wp/gmag/product-tag/lifestyle/index7d8d.html]
[webredox.net/demo/wp/gmag/product-tag/lifestyle/index442e.html]
[webredox.net/demo/wp/gmag/product-tag/lifestyle/indexb0c6.html]
[webredox.net/demo/wp/gmag/product-tag/lifestyle/index42d1.html]
[webredox.net/demo/wp/gmag/product-tag/science/feed/index.html]
[webredox.net/demo/wp/gmag/product-tag/science/index33a8.html]
[webredox.net/demo/wp/gmag/wp-json/wp/v2/product_tag/34.json]
[webredox.net/demo/wp/gmag/product-tag/technology/index.html]
[webredox.net/demo/wp/gmag/product-tag/science/index086a.html]
[webredox.net/demo/wp/gmag/product-tag/science/index7d8d.html]
[webredox.net/demo/wp/gmag/product-tag/science/index442e.html]
[webredox.net/demo/wp/gmag/wp-content/cache/minify/3dce0.js]
[webredox.net/demo/wp/gmag/product-tag/science/indexb0c6.html]
[webredox.net/demo/wp/gmag/product-tag/science/index42d1.html]
[webredox.net/demo/wp/gmag/wp-content/cache/minify/b3ec4.js]
[webredox.net/demo/wp/gmag/product-tag/technology/feed/index.html]
[webredox.net/demo/wp/gmag/product-tag/technology/index33a8.html]
[webredox.net/demo/wp/gmag/product-tag/technology/index086a.html]
[webredox.net/demo/wp/gmag/index2202.html]
[webredox.net/demo/wp/gmag/product-tag/technology/index7d8d.html]
[webredox.net/demo/wp/gmag/wp-content/cache/minify/1831f.css]
[webredox.net/demo/wp/gmag/product-tag/technology/index442e.html]
[webredox.net/demo/wp/gmag/product-tag/technology/indexb0c6.html]
[webredox.net/demo/wp/gmag/product-tag/technology/index42d1.html]
[webredox.net/demo/wp/gmag/wp-content/plugins/elementor/assets/lib/font-awesome/webfonts/fa-solid-900.eot]
[webredox.net/demo/wp/gmag/wp-content/plugins/elementor/assets/lib/font-awesome/webfonts/fa-solid-900d41d.eot]
[webredox.net/demo/wp/gmag/wp-content/plugins/elementor/assets/lib/font-awesome/webfonts/fa-solid-900.woff2]
[webredox.net/demo/wp/gmag/wp-content/plugins/elementor/assets/lib/font-awesome/webfonts/fa-solid-900.woff]
[webredox.net/demo/wp/gmag/wp-content/cache/minify/52c3d.css]
[webredox.net/demo/wp/gmag/index18ee.html]
[webredox.net/demo/wp/gmag/wp-content/cache/minify/4941a.js]
[webredox.net/demo/wp/gmag/wp-content/cache/minify/6a7d5.css]
[webredox.net/demo/wp/gmag/wp-content/cache/minify/590f9.css]
[webredox.net/demo/wp/gmag/index3f97.html]
[webredox.net/demo/wp/gmag/author/admin/page/2/index.html]
[webredox.net/demo/wp/gmag/wp-content/cache/minify/14e91.js]
[webredox.net/demo/wp/gmag/author/webredox/page/2/index.html]
[webredox.net/demo/wp/gmag/index3dc6.html]
[webredox.net/demo/wp/gmag/what-the-federal-infrastructure-package-means-for-minnesota/indexb901.html]
[webredox.net/demo/wp/gmag/what-the-federal-infrastructure-package-means-for-minnesota/indexbed3.html]
[webredox.net/demo/wp/gmag/what-the-federal-infrastructure-package-means-for-minnesota/index5cd6.html]
[webredox.net/demo/wp/gmag/indexcde3.html]
[webredox.net/demo/wp/gmag/additional-jobs-and-economic-growth-after-the-pandemic/index5dd2.html]
[webredox.net/demo/wp/gmag/additional-jobs-and-economic-growth-after-the-pandemic/index129f.html]
[webredox.net/demo/wp/gmag/additional-jobs-and-economic-growth-after-the-pandemic/indexbbac.html]
[webredox.net/demo/wp/gmag/index7ef4.html]
[webredox.net/demo/wp/gmag/perfect-james-webb-telescope-on-track-for-launch/index360b.html]
[webredox.net/demo/wp/gmag/perfect-james-webb-telescope-on-track-for-launch/index8528.html]
[webredox.net/demo/wp/gmag/perfect-james-webb-telescope-on-track-for-launch/index6f0d.html]
[webredox.net/demo/wp/gmag/index5a6a.html]
[webredox.net/demo/wp/gmag/videos-show-spacexs-dragon-capsule-as-it-returns-to-earth/index1dff.html]
[webredox.net/demo/wp/gmag/videos-show-spacexs-dragon-capsule-as-it-returns-to-earth/index2320.html]
[webredox.net/demo/wp/gmag/videos-show-spacexs-dragon-capsule-as-it-returns-to-earth/index094c.html]
[webredox.net/demo/wp/gmag/indexc094.html]
[webredox.net/demo/wp/gmag/cape-towns-day-zero-we-are-axing-trees-to-save-water/indexdefb.html]
[webredox.net/demo/wp/gmag/cape-towns-day-zero-we-are-axing-trees-to-save-water/index6d69.html]
[webredox.net/demo/wp/gmag/cape-towns-day-zero-we-are-axing-trees-to-save-water/index3d09.html]
[webredox.net/demo/wp/gmag/index87e6.html]
[webredox.net/demo/wp/gmag/oculus-in-trending-now/indexed49.html]
[webredox.net/demo/wp/gmag/oculus-in-trending-now/index740f.html]
[webredox.net/demo/wp/gmag/oculus-in-trending-now/indexcff9.html]
[webredox.net/demo/wp/gmag/index04cd.html]
[webredox.net/demo/wp/gmag/perfect-james-webb-telescope-on-track-for-launch-copy/indexa82a.html]
[webredox.net/demo/wp/gmag/perfect-james-webb-telescope-on-track-for-launch-copy/index06ab.html]
[webredox.net/demo/wp/gmag/perfect-james-webb-telescope-on-track-for-launch-copy/indexf970.html]
[webredox.net/demo/wp/gmag/indexa36b.html]
[webredox.net/demo/wp/gmag/london-stay-most-popular-city-2/index39ab.html]
[webredox.net/demo/wp/gmag/london-stay-most-popular-city-2/index9e16.html]
[webredox.net/demo/wp/gmag/london-stay-most-popular-city-2/indexb621.html]
[webredox.net/demo/wp/gmag/index44be.html]
[webredox.net/demo/wp/gmag/scientific-research-goes-to-the-next-level/index28b4.html]
[webredox.net/demo/wp/gmag/scientific-research-goes-to-the-next-level/index2166.html]
[webredox.net/demo/wp/gmag/scientific-research-goes-to-the-next-level/index7935.html]
[webredox.net/demo/wp/gmag/indexd0b8.html]
[webredox.net/demo/wp/gmag/options-options-as-clock-ticks-on-climate-talks/index172f.html]
[webredox.net/demo/wp/gmag/options-options-as-clock-ticks-on-climate-talks/indexa3c0.html]
[webredox.net/demo/wp/gmag/options-options-as-clock-ticks-on-climate-talks/indexa2b6.html]
[webredox.net/demo/wp/gmag/indexae74.html]
[webredox.net/demo/wp/gmag/sports-tag-club-competition-returns/indexa79a.html]
[webredox.net/demo/wp/gmag/sports-tag-club-competition-returns/indexb951.html]
[webredox.net/demo/wp/gmag/sports-tag-club-competition-returns/index5a86.html]
[webredox.net/demo/wp/gmag/indexa80c.html]
[webredox.net/demo/wp/gmag/warriors-face-season-defining-clash/indexa2f2.html]
[webredox.net/demo/wp/gmag/warriors-face-season-defining-clash/indexa3a3.html]
[webredox.net/demo/wp/gmag/warriors-face-season-defining-clash/index21e4.html]
[webredox.net/demo/wp/gmag/index0114.html]
[webredox.net/demo/wp/gmag/female-hawks-win-10000-funding-boost/index06b6.html]
[webredox.net/demo/wp/gmag/female-hawks-win-10000-funding-boost/index7c98.html]
[webredox.net/demo/wp/gmag/female-hawks-win-10000-funding-boost/indexec27.html]
[webredox.net/demo/wp/gmag/index8cf0.html]
[webredox.net/demo/wp/gmag/goodwin-must-break-clarkson-hold/index5785.html]
[webredox.net/demo/wp/gmag/goodwin-must-break-clarkson-hold/index0a88.html]
[webredox.net/demo/wp/gmag/goodwin-must-break-clarkson-hold/indexf73b.html]
[webredox.net/demo/wp/gmag/indexf454.html]
[webredox.net/demo/wp/gmag/sports-season-ends-with-more-surprises/index027c.html]
[webredox.net/demo/wp/gmag/sports-season-ends-with-more-surprises/index118b.html]
[webredox.net/demo/wp/gmag/sports-season-ends-with-more-surprises/index3ed4.html]
[webredox.net/demo/wp/gmag/index2586.html]
[webredox.net/demo/wp/gmag/how-to-start-home-renovation/index954a.html]
[webredox.net/demo/wp/gmag/how-to-start-home-renovation/index745d.html]
[webredox.net/demo/wp/gmag/how-to-start-home-renovation/indexfaf1.html]
[webredox.net/demo/wp/gmag/indexfbc5.html]
[webredox.net/demo/wp/gmag/high-wind-delays-spacex-crew-homecoming-after-6-months-aloft/index61aa.html]
[webredox.net/demo/wp/gmag/high-wind-delays-spacex-crew-homecoming-after-6-months-aloft/index2636.html]
[webredox.net/demo/wp/gmag/high-wind-delays-spacex-crew-homecoming-after-6-months-aloft/indexc916.html]
[webredox.net/demo/wp/gmag/index8902.html]
[webredox.net/demo/wp/gmag/climate-change-and-your-future-health/indexa129.html]
[webredox.net/demo/wp/gmag/climate-change-and-your-future-health/indexfdcf.html]
[webredox.net/demo/wp/gmag/climate-change-and-your-future-health/indexdcee.html]
[webredox.net/demo/wp/gmag/tag/business/page/2/index.html]
[webredox.net/demo/wp/gmag/tag/business/page/3/index.html]
[webredox.net/demo/wp/gmag/tag/business/page/4/index.html]
[webredox.net/demo/wp/gmag/tag/lifestyle/page/2/index.html]
[webredox.net/demo/wp/gmag/tag/lifestyle/page/3/index.html]
[webredox.net/demo/wp/gmag/tag/lifestyle/page/4/index.html]
[webredox.net/demo/wp/gmag/tag/science/page/2/index.html]
[webredox.net/demo/wp/gmag/tag/science/page/3/index.html]
[webredox.net/demo/wp/gmag/tag/science/page/4/index.html]
[webredox.net/demo/wp/gmag/tag/technology/page/2/index.html]
[webredox.net/demo/wp/gmag/tag/technology/page/3/index.html]
[webredox.net/demo/wp/gmag/index8fee.html]
[webredox.net/demo/wp/gmag/new-vr-glasses-and-headset-system-release/index0c48.html]
[webredox.net/demo/wp/gmag/new-vr-glasses-and-headset-system-release/index1b7b.html]
[webredox.net/demo/wp/gmag/new-vr-glasses-and-headset-system-release/index5602.html]
[webredox.net/demo/wp/gmag/index89a1.html]
[webredox.net/demo/wp/gmag/envatocoin-vulnerable-to-retest-20k-support/index616c.html]
[webredox.net/demo/wp/gmag/envatocoin-vulnerable-to-retest-20k-support/indexdb9d.html]
[webredox.net/demo/wp/gmag/envatocoin-vulnerable-to-retest-20k-support/indexd61b.html]
[webredox.net/demo/wp/gmag/index3e8e.html]
[webredox.net/demo/wp/gmag/videos-show-spacexs-dragon-capsule-as-it-returns-to-earth-2/index46e3.html]
[webredox.net/demo/wp/gmag/videos-show-spacexs-dragon-capsule-as-it-returns-to-earth-2/index7693.html]
[webredox.net/demo/wp/gmag/videos-show-spacexs-dragon-capsule-as-it-returns-to-earth-2/index3171.html]
[webredox.net/demo/wp/gmag/index2e31.html]
[webredox.net/demo/wp/gmag/world-electric-ready-to-race-tomorrow/index2e08.html]
[webredox.net/demo/wp/gmag/world-electric-ready-to-race-tomorrow/indexdb5d.html]
[webredox.net/demo/wp/gmag/world-electric-ready-to-race-tomorrow/indexf0f0.html]
[webredox.net/demo/wp/gmag/wp-content/cache/minify/7ef02.css]
[webredox.net/demo/wp/gmag/indexcc0f.html]
[webredox.net/demo/wp/gmag/wp-content/cache/minify/a45ef.css]
[webredox.net/demo/wp/gmag/index2207.html]
[webredox.net/demo/wp/gmag/wp-content/cache/minify/12695.css]
[webredox.net/demo/wp/gmag/wp-content/cache/minify/379b7.js]
[webredox.net/demo/wp/gmag/wp-content/cache/minify/dd761.js]
[webredox.net/demo/wp/gmag/wp-content/cache/minify/74544.js]
[webredox.net/demo/wp/gmag/wp-content/cache/minify/bf5e7.js]
[webredox.net/demo/wp/gmag/wp-content/cache/minify/d1c52.js]
[webredox.net/demo/wp/gmag/shop/my-account/index.html]
[webredox.net/demo/wp/gmag/index5fb3.html]
[webredox.net/demo/wp/gmag/-negative.html]
[webredox.net/demo/wp/gmag/OPR/index.html]
[webredox.net/demo/wp/gmag/wp-content/plugins/elementor/assets/lib/font-awesome/webfonts/fa-solid-900.ttf]
[webredox.net/demo/wp/gmag/wp-content/plugins/elementor/assets/lib/font-awesome/webfonts/fa-solid-900.svg]
[webredox.net/demo/wp/gmag/wp-content/cache/minify/5c219.js]
[webredox.net/demo/wp/gmag/wp-content/cache/minify/18c67.js]
[webredox.net/demo/wp/gmag/wp-content/cache/minify/ce4b3.js]
[webredox.net/demo/wp/gmag/wp-content/cache/minify/cbfce.js]
[webredox.net/demo/wp/gmag/wp-json/wp/v2/pages/51.json]
[webredox.net/demo/wp/gmag/wp-json/oembed/1.0/embed8614.json]
[webredox.net/demo/wp/gmag/wp-json/oembed/1.0/embed8017]
[webredox.net/demo/wp/gmag/shop/cart/index.html]
[webredox.net/demo/wp/gmag/index88c3.html]
[webredox.net/demo/wp/gmag/index1557.html]
[webredox.net/demo/wp/gmag/index14c7.html]
[webredox.net/demo/wp/gmag/indexfcc0.html]
[webredox.net/demo/wp/gmag/indexdf01.html]
[webredox.net/demo/wp/gmag/product-category/politics/index7d8d.html]
[webredox.net/demo/wp/gmag/product-category/politics/index442e.html]
[webredox.net/demo/wp/gmag/product-category/politics/indexb0c6.html]
[webredox.net/demo/wp/gmag/product-category/technology/indexb0c6.html]
[webredox.net/demo/wp/gmag/product-category/technology/index42d1.html]
[webredox.net/demo/wp/gmag/product-category/business/index42d1.html]
[webredox.net/demo/wp/gmag/product-category/sports/index442e.html]
[webredox.net/demo/wp/gmag/product-category/sports/indexb0c6.html]
[webredox.net/demo/wp/gmag/product-category/sports/index42d1.html]
[webredox.net/demo/wp/gmag/product-category/science/index33a8.html]
[webredox.net/demo/wp/gmag/product-category/science/index086a.html]
[webredox.net/demo/wp/gmag/product-category/science/index7d8d.html]
[webredox.net/demo/wp/gmag/product-tag/business/index33a8.html]
[webredox.net/demo/wp/gmag/product-tag/business/index086a.html]
[webredox.net/demo/wp/gmag/product-tag/business/index7d8d.html]
[webredox.net/demo/wp/gmag/product-tag/business/index442e.html]
[webredox.net/demo/wp/gmag/product-tag/business/indexb0c6.html]
[webredox.net/demo/wp/gmag/product-tag/business/index42d1.html]
[webredox.net/demo/wp/gmag/product-tag/lifestyle/index33a8.html]
[webredox.net/demo/wp/gmag/product-tag/lifestyle/index086a.html]
[webredox.net/demo/wp/gmag/product-tag/lifestyle/index7d8d.html]
[webredox.net/demo/wp/gmag/product-tag/lifestyle/index442e.html]
[webredox.net/demo/wp/gmag/product-tag/lifestyle/indexb0c6.html]
[webredox.net/demo/wp/gmag/product-tag/lifestyle/index42d1.html]
[webredox.net/demo/wp/gmag/product-tag/science/index33a8.html]
[webredox.net/demo/wp/gmag/product-tag/science/index086a.html]
[webredox.net/demo/wp/gmag/product-tag/science/index7d8d.html]
[webredox.net/demo/wp/gmag/product-tag/science/index442e.html]
[webredox.net/demo/wp/gmag/product-tag/science/indexb0c6.html]
[webredox.net/demo/wp/gmag/product-tag/science/index42d1.html]
[webredox.net/demo/wp/gmag/product-tag/technology/index33a8.html]
[webredox.net/demo/wp/gmag/product-tag/technology/index086a.html]
[webredox.net/demo/wp/gmag/product-tag/technology/index7d8d.html]
[webredox.net/demo/wp/gmag/product-tag/technology/index442e.html]
[webredox.net/demo/wp/gmag/product-tag/technology/indexb0c6.html]
[webredox.net/demo/wp/gmag/product-tag/technology/index42d1.html]
[webredox.net/demo/wp/gmag/wp-content/plugins/elementor/assets/lib/font-awesome/webfonts/fa-solid-900.svg]
[webredox.net/demo/wp/gmag/wp-content/cache/minify/5c219.js]
[webredox.net/demo/wp/gmag/wp-content/cache/minify/18c67.js]
[webredox.net/demo/wp/gmag/wp-content/cache/minify/ce4b3.js]
[webredox.net/demo/wp/gmag/wp-content/cache/minify/cbfce.js]
[webredox.net/demo/wp/gmag/index8cf7.html]
[webredox.net/demo/wp/gmag/shop/cart/index9d40.html]
[webredox.net/demo/wp/gmag/shop/cart/index6cd9.html]
[webredox.net/demo/wp/gmag/shop/cart/index5567.html]
[webredox.net/demo/wp/gmag/shop/cart/indexa8be.html]
[webredox.net/demo/wp/gmag/shop/checkout/index.html]
[webredox.net/demo/wp/gmag/wp-content/cache/minify/5050b.js]
[webredox.net/demo/wp/gmag/wp-json/wp/v2/pages/52.json]
[webredox.net/demo/wp/gmag/wp-json/oembed/1.0/embedcb2f.json]
[webredox.net/demo/wp/gmag/wp-json/oembed/1.0/embeda611]
[webredox.net/demo/wp/gmag/shop/checkout/index.html]
[webredox.net/demo/wp/gmag/shop/cart/indexaafe.html]
[webredox.net/demo/wp/gmag/wp-content/cache/minify/5050b.js]
[webredox.net/demo/wp/gmag/index4579.html]
[webredox.net/demo/wp/gmag/shop/cart/index5298.html]
[webredox.net/demo/wp/gmag/shop/cart/indexb95a.html]
